Archive member included to satisfy reference by file (symbol)

c:/program files (x86)/atollic/truestudio for stm32 9.0.1/armtools/bin/../lib/gcc/arm-atollic-eabi/6.3.1/../../../../arm-atollic-eabi/lib/armv7e-m/fpu\libc_nano.a(lib_a-init.o)
                              Asm\startup_stm32l476xx.o (__libc_init_array)

Discarded input sections

 .text          0x00000000        0x0 c:/program files (x86)/atollic/truestudio for stm32 9.0.1/armtools/bin/../lib/gcc/arm-atollic-eabi/6.3.1/armv7e-m/fpu/crti.o
 .data          0x00000000        0x0 c:/program files (x86)/atollic/truestudio for stm32 9.0.1/armtools/bin/../lib/gcc/arm-atollic-eabi/6.3.1/armv7e-m/fpu/crti.o
 .bss           0x00000000        0x0 c:/program files (x86)/atollic/truestudio for stm32 9.0.1/armtools/bin/../lib/gcc/arm-atollic-eabi/6.3.1/armv7e-m/fpu/crti.o
 .data          0x00000000        0x4 c:/program files (x86)/atollic/truestudio for stm32 9.0.1/armtools/bin/../lib/gcc/arm-atollic-eabi/6.3.1/armv7e-m/fpu/crtbegin.o
 .text          0x00000000       0x14 Asm\startup_stm32l476xx.o
 .data          0x00000000        0x0 Asm\startup_stm32l476xx.o
 .bss           0x00000000        0x0 Asm\startup_stm32l476xx.o
 .group         0x00000000        0x8 Linked\stm32l4xx_ll_utils.o
 .group         0x00000000        0x8 Linked\stm32l4xx_ll_utils.o
 .group         0x00000000        0x8 Linked\stm32l4xx_ll_utils.o
 .group         0x00000000        0x8 Linked\stm32l4xx_ll_utils.o
 .group         0x00000000        0x8 Linked\stm32l4xx_ll_utils.o
 .group         0x00000000        0x8 Linked\stm32l4xx_ll_utils.o
 .group         0x00000000        0x8 Linked\stm32l4xx_ll_utils.o
 .group         0x00000000        0x8 Linked\stm32l4xx_ll_utils.o
 .group         0x00000000        0x8 Linked\stm32l4xx_ll_utils.o
 .group         0x00000000        0x8 Linked\stm32l4xx_ll_utils.o
 .group         0x00000000        0x8 Linked\stm32l4xx_ll_utils.o
 .group         0x00000000        0x8 Linked\stm32l4xx_ll_utils.o
 .group         0x00000000        0x8 Linked\stm32l4xx_ll_utils.o
 .group         0x00000000        0x8 Linked\stm32l4xx_ll_utils.o
 .group         0x00000000        0x8 Linked\stm32l4xx_ll_utils.o
 .group         0x00000000        0x8 Linked\stm32l4xx_ll_utils.o
 .group         0x00000000        0x8 Linked\stm32l4xx_ll_utils.o
 .group         0x00000000        0x8 Linked\stm32l4xx_ll_utils.o
 .group         0x00000000        0x8 Linked\stm32l4xx_ll_utils.o
 .group         0x00000000        0x8 Linked\stm32l4xx_ll_utils.o
 .text          0x00000000        0x0 Linked\stm32l4xx_ll_utils.o
 .data          0x00000000        0x0 Linked\stm32l4xx_ll_utils.o
 .bss           0x00000000        0x0 Linked\stm32l4xx_ll_utils.o
 .text.UTILS_GetPLLOutputFrequency
                0x00000000       0x20 Linked\stm32l4xx_ll_utils.o
 .text.UTILS_PLL_IsBusy
                0x00000000       0x20 Linked\stm32l4xx_ll_utils.o
 .text.UTILS_SetFlashLatency.part.0
                0x00000000       0x84 Linked\stm32l4xx_ll_utils.o
 .text.UTILS_EnablePLLAndSwitchSystem
                0x00000000       0xa0 Linked\stm32l4xx_ll_utils.o
 .text.LL_Init1msTick
                0x00000000       0x1c Linked\stm32l4xx_ll_utils.o
 .text.LL_mDelay
                0x00000000       0x28 Linked\stm32l4xx_ll_utils.o
 .text.LL_SetSystemCoreClock
                0x00000000        0xc Linked\stm32l4xx_ll_utils.o
 .text.LL_PLL_ConfigSystemClock_MSI
                0x00000000       0xac Linked\stm32l4xx_ll_utils.o
 .text.LL_PLL_ConfigSystemClock_HSI
                0x00000000       0x60 Linked\stm32l4xx_ll_utils.o
 .text.LL_PLL_ConfigSystemClock_HSE
                0x00000000       0x74 Linked\stm32l4xx_ll_utils.o
 .debug_info    0x00000000      0xf73 Linked\stm32l4xx_ll_utils.o
 .debug_abbrev  0x00000000      0x2f8 Linked\stm32l4xx_ll_utils.o
 .debug_loc     0x00000000      0x730 Linked\stm32l4xx_ll_utils.o
 .debug_aranges
                0x00000000       0x68 Linked\stm32l4xx_ll_utils.o
 .debug_ranges  0x00000000       0xe8 Linked\stm32l4xx_ll_utils.o
 .debug_macro   0x00000000      0x19e Linked\stm32l4xx_ll_utils.o
 .debug_macro   0x00000000      0x8b0 Linked\stm32l4xx_ll_utils.o
 .debug_macro   0x00000000       0x2e Linked\stm32l4xx_ll_utils.o
 .debug_macro   0x00000000       0x28 Linked\stm32l4xx_ll_utils.o
 .debug_macro   0x00000000       0x22 Linked\stm32l4xx_ll_utils.o
 .debug_macro   0x00000000       0x87 Linked\stm32l4xx_ll_utils.o
 .debug_macro   0x00000000       0x51 Linked\stm32l4xx_ll_utils.o
 .debug_macro   0x00000000       0xef Linked\stm32l4xx_ll_utils.o
 .debug_macro   0x00000000       0x6a Linked\stm32l4xx_ll_utils.o
 .debug_macro   0x00000000      0x1df Linked\stm32l4xx_ll_utils.o
 .debug_macro   0x00000000       0x1c Linked\stm32l4xx_ll_utils.o
 .debug_macro   0x00000000       0x22 Linked\stm32l4xx_ll_utils.o
 .debug_macro   0x00000000       0xdf Linked\stm32l4xx_ll_utils.o
 .debug_macro   0x00000000     0x102d Linked\stm32l4xx_ll_utils.o
 .debug_macro   0x00000000      0x11f Linked\stm32l4xx_ll_utils.o
 .debug_macro   0x00000000    0x1a11f Linked\stm32l4xx_ll_utils.o
 .debug_macro   0x00000000       0x43 Linked\stm32l4xx_ll_utils.o
 .debug_macro   0x00000000       0xa1 Linked\stm32l4xx_ll_utils.o
 .debug_macro   0x00000000      0x720 Linked\stm32l4xx_ll_utils.o
 .debug_macro   0x00000000      0x2f5 Linked\stm32l4xx_ll_utils.o
 .debug_macro   0x00000000      0x1fa Linked\stm32l4xx_ll_utils.o
 .debug_line    0x00000000      0x5fb Linked\stm32l4xx_ll_utils.o
 .debug_str     0x00000000    0xa47dc Linked\stm32l4xx_ll_utils.o
 .comment       0x00000000       0x7d Linked\stm32l4xx_ll_utils.o
 .debug_frame   0x00000000      0x114 Linked\stm32l4xx_ll_utils.o
 .ARM.attributes
                0x00000000       0x39 Linked\stm32l4xx_ll_utils.o
 .group         0x00000000        0x8 Src\gpio.o
 .group         0x00000000        0x8 Src\gpio.o
 .group         0x00000000        0x8 Src\gpio.o
 .group         0x00000000        0x8 Src\gpio.o
 .group         0x00000000        0x8 Src\gpio.o
 .group         0x00000000        0x8 Src\gpio.o
 .group         0x00000000        0x8 Src\gpio.o
 .group         0x00000000        0x8 Src\gpio.o
 .group         0x00000000        0x8 Src\gpio.o
 .group         0x00000000        0x8 Src\gpio.o
 .group         0x00000000        0x8 Src\gpio.o
 .group         0x00000000        0x8 Src\gpio.o
 .group         0x00000000        0x8 Src\gpio.o
 .group         0x00000000        0x8 Src\gpio.o
 .group         0x00000000        0x8 Src\gpio.o
 .group         0x00000000        0x8 Src\gpio.o
 .group         0x00000000        0x8 Src\gpio.o
 .group         0x00000000        0x8 Src\gpio.o
 .text          0x00000000        0x0 Src\gpio.o
 .data          0x00000000        0x0 Src\gpio.o
 .bss           0x00000000        0x0 Src\gpio.o
 .debug_macro   0x00000000      0x8b0 Src\gpio.o
 .debug_macro   0x00000000       0x2e Src\gpio.o
 .debug_macro   0x00000000       0x28 Src\gpio.o
 .debug_macro   0x00000000       0x22 Src\gpio.o
 .debug_macro   0x00000000       0x87 Src\gpio.o
 .debug_macro   0x00000000       0x51 Src\gpio.o
 .debug_macro   0x00000000       0xef Src\gpio.o
 .debug_macro   0x00000000       0x6a Src\gpio.o
 .debug_macro   0x00000000      0x1df Src\gpio.o
 .debug_macro   0x00000000       0x1c Src\gpio.o
 .debug_macro   0x00000000       0x22 Src\gpio.o
 .debug_macro   0x00000000       0xdf Src\gpio.o
 .debug_macro   0x00000000     0x102d Src\gpio.o
 .debug_macro   0x00000000      0x11f Src\gpio.o
 .debug_macro   0x00000000    0x1a11f Src\gpio.o
 .debug_macro   0x00000000       0x43 Src\gpio.o
 .group         0x00000000        0x8 Src\main.o
 .group         0x00000000        0x8 Src\main.o
 .group         0x00000000        0x8 Src\main.o
 .group         0x00000000        0x8 Src\main.o
 .group         0x00000000        0x8 Src\main.o
 .group         0x00000000        0x8 Src\main.o
 .group         0x00000000        0x8 Src\main.o
 .group         0x00000000        0x8 Src\main.o
 .group         0x00000000        0x8 Src\main.o
 .group         0x00000000        0x8 Src\main.o
 .group         0x00000000        0x8 Src\main.o
 .group         0x00000000        0x8 Src\main.o
 .group         0x00000000        0x8 Src\main.o
 .group         0x00000000        0x8 Src\main.o
 .group         0x00000000        0x8 Src\main.o
 .group         0x00000000        0x8 Src\main.o
 .group         0x00000000        0x8 Src\main.o
 .group         0x00000000        0x8 Src\main.o
 .group         0x00000000        0x8 Src\main.o
 .group         0x00000000        0x8 Src\main.o
 .group         0x00000000        0x8 Src\main.o
 .group         0x00000000        0x8 Src\main.o
 .text          0x00000000        0x0 Src\main.o
 .data          0x00000000        0x0 Src\main.o
 .debug_macro   0x00000000      0x8b0 Src\main.o
 .debug_macro   0x00000000       0x2e Src\main.o
 .debug_macro   0x00000000       0x28 Src\main.o
 .debug_macro   0x00000000       0x22 Src\main.o
 .debug_macro   0x00000000       0x87 Src\main.o
 .debug_macro   0x00000000       0x51 Src\main.o
 .debug_macro   0x00000000       0xef Src\main.o
 .debug_macro   0x00000000       0x6a Src\main.o
 .debug_macro   0x00000000      0x1df Src\main.o
 .debug_macro   0x00000000       0x1c Src\main.o
 .debug_macro   0x00000000       0x22 Src\main.o
 .debug_macro   0x00000000       0xdf Src\main.o
 .debug_macro   0x00000000     0x102d Src\main.o
 .debug_macro   0x00000000      0x11f Src\main.o
 .debug_macro   0x00000000    0x1a11f Src\main.o
 .debug_macro   0x00000000       0x43 Src\main.o
 .debug_macro   0x00000000      0x1b9 Src\main.o
 .debug_macro   0x00000000      0x720 Src\main.o
 .debug_macro   0x00000000      0x2f5 Src\main.o
 .debug_macro   0x00000000      0x16a Src\main.o
 .group         0x00000000        0x8 Src\system_stm32l4xx.o
 .group         0x00000000        0x8 Src\system_stm32l4xx.o
 .group         0x00000000        0x8 Src\system_stm32l4xx.o
 .group         0x00000000        0x8 Src\system_stm32l4xx.o
 .group         0x00000000        0x8 Src\system_stm32l4xx.o
 .group         0x00000000        0x8 Src\system_stm32l4xx.o
 .group         0x00000000        0x8 Src\system_stm32l4xx.o
 .group         0x00000000        0x8 Src\system_stm32l4xx.o
 .group         0x00000000        0x8 Src\system_stm32l4xx.o
 .group         0x00000000        0x8 Src\system_stm32l4xx.o
 .group         0x00000000        0x8 Src\system_stm32l4xx.o
 .group         0x00000000        0x8 Src\system_stm32l4xx.o
 .group         0x00000000        0x8 Src\system_stm32l4xx.o
 .group         0x00000000        0x8 Src\system_stm32l4xx.o
 .group         0x00000000        0x8 Src\system_stm32l4xx.o
 .group         0x00000000        0x8 Src\system_stm32l4xx.o
 .text          0x00000000        0x0 Src\system_stm32l4xx.o
 .bss           0x00000000        0x0 Src\system_stm32l4xx.o
 .debug_macro   0x00000000      0x8b0 Src\system_stm32l4xx.o
 .debug_macro   0x00000000       0x2e Src\system_stm32l4xx.o
 .debug_macro   0x00000000       0x28 Src\system_stm32l4xx.o
 .debug_macro   0x00000000       0x22 Src\system_stm32l4xx.o
 .debug_macro   0x00000000       0x87 Src\system_stm32l4xx.o
 .debug_macro   0x00000000       0x51 Src\system_stm32l4xx.o
 .debug_macro   0x00000000       0xef Src\system_stm32l4xx.o
 .debug_macro   0x00000000       0x6a Src\system_stm32l4xx.o
 .debug_macro   0x00000000      0x1df Src\system_stm32l4xx.o
 .debug_macro   0x00000000       0x1c Src\system_stm32l4xx.o
 .debug_macro   0x00000000       0x22 Src\system_stm32l4xx.o
 .debug_macro   0x00000000       0xdf Src\system_stm32l4xx.o
 .debug_macro   0x00000000     0x102d Src\system_stm32l4xx.o
 .debug_macro   0x00000000      0x11f Src\system_stm32l4xx.o
 .debug_macro   0x00000000    0x1a11f Src\system_stm32l4xx.o
 .debug_macro   0x00000000       0x43 Src\system_stm32l4xx.o
 .text          0x00000000        0x0 c:/program files (x86)/atollic/truestudio for stm32 9.0.1/armtools/bin/../lib/gcc/arm-atollic-eabi/6.3.1/../../../../arm-atollic-eabi/lib/armv7e-m/fpu\libc_nano.a(lib_a-init.o)
 .data          0x00000000        0x0 c:/program files (x86)/atollic/truestudio for stm32 9.0.1/armtools/bin/../lib/gcc/arm-atollic-eabi/6.3.1/../../../../arm-atollic-eabi/lib/armv7e-m/fpu\libc_nano.a(lib_a-init.o)
 .bss           0x00000000        0x0 c:/program files (x86)/atollic/truestudio for stm32 9.0.1/armtools/bin/../lib/gcc/arm-atollic-eabi/6.3.1/../../../../arm-atollic-eabi/lib/armv7e-m/fpu\libc_nano.a(lib_a-init.o)
 .text          0x00000000        0x0 c:/program files (x86)/atollic/truestudio for stm32 9.0.1/armtools/bin/../lib/gcc/arm-atollic-eabi/6.3.1/armv7e-m/fpu/crtend.o
 .data          0x00000000        0x0 c:/program files (x86)/atollic/truestudio for stm32 9.0.1/armtools/bin/../lib/gcc/arm-atollic-eabi/6.3.1/armv7e-m/fpu/crtend.o
 .bss           0x00000000        0x0 c:/program files (x86)/atollic/truestudio for stm32 9.0.1/armtools/bin/../lib/gcc/arm-atollic-eabi/6.3.1/armv7e-m/fpu/crtend.o
 .eh_frame      0x00000000        0x4 c:/program files (x86)/atollic/truestudio for stm32 9.0.1/armtools/bin/../lib/gcc/arm-atollic-eabi/6.3.1/armv7e-m/fpu/crtend.o
 .ARM.attributes
                0x00000000       0x34 c:/program files (x86)/atollic/truestudio for stm32 9.0.1/armtools/bin/../lib/gcc/arm-atollic-eabi/6.3.1/armv7e-m/fpu/crtend.o
 .text          0x00000000        0x0 c:/program files (x86)/atollic/truestudio for stm32 9.0.1/armtools/bin/../lib/gcc/arm-atollic-eabi/6.3.1/armv7e-m/fpu/crtn.o
 .data          0x00000000        0x0 c:/program files (x86)/atollic/truestudio for stm32 9.0.1/armtools/bin/../lib/gcc/arm-atollic-eabi/6.3.1/armv7e-m/fpu/crtn.o
 .bss           0x00000000        0x0 c:/program files (x86)/atollic/truestudio for stm32 9.0.1/armtools/bin/../lib/gcc/arm-atollic-eabi/6.3.1/armv7e-m/fpu/crtn.o

Memory Configuration

Name             Origin             Length             Attributes
FLASH            0x08000000         0x00100000         xr
RAM              0x20000000         0x00018000         xrw
SRAM2            0x10000000         0x00008000         rw
*default*        0x00000000         0xffffffff

Linker script and memory map

LOAD c:/program files (x86)/atollic/truestudio for stm32 9.0.1/armtools/bin/../lib/gcc/arm-atollic-eabi/6.3.1/armv7e-m/fpu/crti.o
LOAD c:/program files (x86)/atollic/truestudio for stm32 9.0.1/armtools/bin/../lib/gcc/arm-atollic-eabi/6.3.1/armv7e-m/fpu/crtbegin.o
LOAD Asm\startup_stm32l476xx.o
LOAD Linked\stm32l4xx_ll_utils.o
LOAD Src\gpio.o
LOAD Src\main.o
LOAD Src\system_stm32l4xx.o
                0x00000080                malloc_getpagesize_P = 0x80
START GROUP
LOAD c:/program files (x86)/atollic/truestudio for stm32 9.0.1/armtools/bin/../lib/gcc/arm-atollic-eabi/6.3.1/../../../../arm-atollic-eabi/lib/armv7e-m/fpu\libc_nano.a
LOAD c:/program files (x86)/atollic/truestudio for stm32 9.0.1/armtools/bin/../lib/gcc/arm-atollic-eabi/6.3.1/../../../../arm-atollic-eabi/lib/armv7e-m/fpu\libm.a
END GROUP
START GROUP
LOAD c:/program files (x86)/atollic/truestudio for stm32 9.0.1/armtools/bin/../lib/gcc/arm-atollic-eabi/6.3.1/armv7e-m/fpu\libgcc.a
LOAD c:/program files (x86)/atollic/truestudio for stm32 9.0.1/armtools/bin/../lib/gcc/arm-atollic-eabi/6.3.1/../../../../arm-atollic-eabi/lib/armv7e-m/fpu\libc_nano.a
END GROUP
START GROUP
LOAD c:/program files (x86)/atollic/truestudio for stm32 9.0.1/armtools/bin/../lib/gcc/arm-atollic-eabi/6.3.1/armv7e-m/fpu\libgcc.a
LOAD c:/program files (x86)/atollic/truestudio for stm32 9.0.1/armtools/bin/../lib/gcc/arm-atollic-eabi/6.3.1/../../../../arm-atollic-eabi/lib/armv7e-m/fpu\libc_nano.a
LOAD c:/program files (x86)/atollic/truestudio for stm32 9.0.1/armtools/bin/../lib/gcc/arm-atollic-eabi/6.3.1/../../../../arm-atollic-eabi/lib/armv7e-m/fpu\libnosys.a
END GROUP
START GROUP
LOAD c:/program files (x86)/atollic/truestudio for stm32 9.0.1/armtools/bin/../lib/gcc/arm-atollic-eabi/6.3.1/armv7e-m/fpu\libgcc.a
LOAD c:/program files (x86)/atollic/truestudio for stm32 9.0.1/armtools/bin/../lib/gcc/arm-atollic-eabi/6.3.1/../../../../arm-atollic-eabi/lib/armv7e-m/fpu\libc_nano.a
LOAD c:/program files (x86)/atollic/truestudio for stm32 9.0.1/armtools/bin/../lib/gcc/arm-atollic-eabi/6.3.1/../../../../arm-atollic-eabi/lib/armv7e-m/fpu\libnosys.a
END GROUP
LOAD c:/program files (x86)/atollic/truestudio for stm32 9.0.1/armtools/bin/../lib/gcc/arm-atollic-eabi/6.3.1/armv7e-m/fpu/crtend.o
LOAD c:/program files (x86)/atollic/truestudio for stm32 9.0.1/armtools/bin/../lib/gcc/arm-atollic-eabi/6.3.1/armv7e-m/fpu/crtn.o
                0x20018000                _estack = 0x20018000
                0x00000200                _Min_Heap_Size = 0x200
                0x00000400                _Min_Stack_Size = 0x400

.isr_vector     0x08000000      0x188
                0x08000000                . = ALIGN (0x8)
 *(.isr_vector)
 .isr_vector    0x08000000      0x188 Asm\startup_stm32l476xx.o
                0x08000000                g_pfnVectors
                0x08000188                . = ALIGN (0x8)

.text           0x08000188      0x3a8
                0x08000188                . = ALIGN (0x8)
 *(.text)
 .text          0x08000188       0x40 c:/program files (x86)/atollic/truestudio for stm32 9.0.1/armtools/bin/../lib/gcc/arm-atollic-eabi/6.3.1/armv7e-m/fpu/crtbegin.o
 *(.text*)
 .text.Reset_Handler
                0x080001c8       0x50 Asm\startup_stm32l476xx.o
                0x080001c8                Reset_Handler
 .text.Default_Handler
                0x08000218        0x2 Asm\startup_stm32l476xx.o
                0x08000218                RTC_Alarm_IRQHandler
                0x08000218                EXTI2_IRQHandler
                0x08000218                TIM8_TRG_COM_IRQHandler
                0x08000218                TIM8_CC_IRQHandler
                0x08000218                DebugMon_Handler
                0x08000218                TIM1_CC_IRQHandler
                0x08000218                TSC_IRQHandler
                0x08000218                HardFault_Handler
                0x08000218                TAMP_STAMP_IRQHandler
                0x08000218                PendSV_Handler
                0x08000218                NMI_Handler
                0x08000218                EXTI3_IRQHandler
                0x08000218                LPTIM2_IRQHandler
                0x08000218                DFSDM1_FLT1_IRQHandler
                0x08000218                I2C3_ER_IRQHandler
                0x08000218                DFSDM1_FLT2_IRQHandler
                0x08000218                EXTI0_IRQHandler
                0x08000218                I2C2_EV_IRQHandler
                0x08000218                CAN1_RX0_IRQHandler
                0x08000218                FPU_IRQHandler
                0x08000218                TIM1_UP_TIM16_IRQHandler
                0x08000218                UsageFault_Handler
                0x08000218                ADC1_2_IRQHandler
                0x08000218                SPI1_IRQHandler
                0x08000218                TIM6_DAC_IRQHandler
                0x08000218                TIM8_UP_IRQHandler
                0x08000218                DMA2_Channel2_IRQHandler
                0x08000218                DMA1_Channel4_IRQHandler
                0x08000218                SAI2_IRQHandler
                0x08000218                DFSDM1_FLT3_IRQHandler
                0x08000218                USART3_IRQHandler
                0x08000218                DMA1_Channel7_IRQHandler
                0x08000218                CAN1_RX1_IRQHandler
                0x08000218                LCD_IRQHandler
                0x08000218                UART5_IRQHandler
                0x08000218                ADC3_IRQHandler
                0x08000218                TIM4_IRQHandler
                0x08000218                DMA2_Channel1_IRQHandler
                0x08000218                QUADSPI_IRQHandler
                0x08000218                I2C1_EV_IRQHandler
                0x08000218                DMA1_Channel6_IRQHandler
                0x08000218                UART4_IRQHandler
                0x08000218                DMA2_Channel4_IRQHandler
                0x08000218                TIM3_IRQHandler
                0x08000218                RCC_IRQHandler
                0x08000218                DMA1_Channel1_IRQHandler
                0x08000218                Default_Handler
                0x08000218                DMA2_Channel7_IRQHandler
                0x08000218                EXTI15_10_IRQHandler
                0x08000218                TIM7_IRQHandler
                0x08000218                SDMMC1_IRQHandler
                0x08000218                TIM5_IRQHandler
                0x08000218                I2C3_EV_IRQHandler
                0x08000218                EXTI9_5_IRQHandler
                0x08000218                RTC_WKUP_IRQHandler
                0x08000218                PVD_PVM_IRQHandler
                0x08000218                SPI2_IRQHandler
                0x08000218                MemManage_Handler
                0x08000218                CAN1_TX_IRQHandler
                0x08000218                SVC_Handler
                0x08000218                DMA2_Channel5_IRQHandler
                0x08000218                DMA1_Channel5_IRQHandler
                0x08000218                EXTI4_IRQHandler
                0x08000218                RNG_IRQHandler
                0x08000218                TIM1_TRG_COM_TIM17_IRQHandler
                0x08000218                DMA1_Channel3_IRQHandler
                0x08000218                COMP_IRQHandler
                0x08000218                WWDG_IRQHandler
                0x08000218                LPUART1_IRQHandler
                0x08000218                DMA2_Channel6_IRQHandler
                0x08000218                TIM2_IRQHandler
                0x08000218                EXTI1_IRQHandler
                0x08000218                USART2_IRQHandler
                0x08000218                DFSDM1_FLT0_IRQHandler
                0x08000218                I2C2_ER_IRQHandler
                0x08000218                DMA1_Channel2_IRQHandler
                0x08000218                TIM8_BRK_IRQHandler
                0x08000218                CAN1_SCE_IRQHandler
                0x08000218                FLASH_IRQHandler
                0x08000218                BusFault_Handler
                0x08000218                USART1_IRQHandler
                0x08000218                OTG_FS_IRQHandler
                0x08000218                SPI3_IRQHandler
                0x08000218                I2C1_ER_IRQHandler
                0x08000218                FMC_IRQHandler
                0x08000218                SWPMI1_IRQHandler
                0x08000218                LPTIM1_IRQHandler
                0x08000218                SAI1_IRQHandler
                0x08000218                DMA2_Channel3_IRQHandler
                0x08000218                TIM1_BRK_TIM15_IRQHandler
 .text.LL_GPIO_SetPinMode
                0x0800021a       0x2c Src\gpio.o
 *fill*         0x08000246        0x2 
 .text.GPIO_init
                0x08000248       0x58 Src\gpio.o
                0x08000248                GPIO_init
 .text.LED_GREEN
                0x080002a0       0x10 Src\gpio.o
                0x080002a0                LED_GREEN
 .text.BLUE_BUTTON
                0x080002b0       0x14 Src\gpio.o
                0x080002b0                BLUE_BUTTON
 .text.SysTick_Handler
                0x080002c4       0x3c Src\main.o
                0x080002c4                SysTick_Handler
 .text.SystemClock_Config
                0x08000300       0x80 Src\main.o
                0x08000300                SystemClock_Config
 .text.startup.main
                0x08000380       0x50 Src\main.o
                0x08000380                main
 .text.SystemInit
                0x080003d0       0x48 Src\system_stm32l4xx.o
                0x080003d0                SystemInit
 .text.SystemCoreClockUpdate
                0x08000418       0xb4 Src\system_stm32l4xx.o
                0x08000418                SystemCoreClockUpdate
 .text.__libc_init_array
                0x080004cc       0x48 c:/program files (x86)/atollic/truestudio for stm32 9.0.1/armtools/bin/../lib/gcc/arm-atollic-eabi/6.3.1/../../../../arm-atollic-eabi/lib/armv7e-m/fpu\libc_nano.a(lib_a-init.o)
                0x080004cc                __libc_init_array
 *(.glue_7)
 .glue_7        0x08000514        0x0 linker stubs
 *(.glue_7t)
 .glue_7t       0x08000514        0x0 linker stubs
 *(.eh_frame)
 .eh_frame      0x08000514        0x0 c:/program files (x86)/atollic/truestudio for stm32 9.0.1/armtools/bin/../lib/gcc/arm-atollic-eabi/6.3.1/armv7e-m/fpu/crtbegin.o
 *(.init)
 .init          0x08000514        0x4 c:/program files (x86)/atollic/truestudio for stm32 9.0.1/armtools/bin/../lib/gcc/arm-atollic-eabi/6.3.1/armv7e-m/fpu/crti.o
                0x08000514                _init
 .init          0x08000518        0x8 c:/program files (x86)/atollic/truestudio for stm32 9.0.1/armtools/bin/../lib/gcc/arm-atollic-eabi/6.3.1/armv7e-m/fpu/crtn.o
 *(.fini)
 .fini          0x08000520        0x4 c:/program files (x86)/atollic/truestudio for stm32 9.0.1/armtools/bin/../lib/gcc/arm-atollic-eabi/6.3.1/armv7e-m/fpu/crti.o
                0x08000520                _fini
 .fini          0x08000524        0x8 c:/program files (x86)/atollic/truestudio for stm32 9.0.1/armtools/bin/../lib/gcc/arm-atollic-eabi/6.3.1/armv7e-m/fpu/crtn.o
                0x08000530                . = ALIGN (0x8)
 *fill*         0x0800052c        0x4 
                0x08000530                _etext = .

.vfp11_veneer   0x08000530        0x0
 .vfp11_veneer  0x08000530        0x0 linker stubs

.v4_bx          0x08000530        0x0
 .v4_bx         0x08000530        0x0 linker stubs

.iplt           0x08000530        0x0
 .iplt          0x08000530        0x0 c:/program files (x86)/atollic/truestudio for stm32 9.0.1/armtools/bin/../lib/gcc/arm-atollic-eabi/6.3.1/armv7e-m/fpu/crtbegin.o

.rodata         0x08000530       0x48
                0x08000530                . = ALIGN (0x8)
 *(.rodata)
 .rodata        0x08000530       0x48 Src\system_stm32l4xx.o
                0x08000530                MSIRangeTable
                0x08000560                AHBPrescTable
                0x08000570                APBPrescTable
 *(.rodata*)
                0x08000578                . = ALIGN (0x8)

.rel.dyn        0x08000578        0x0
 .rel.iplt      0x08000578        0x0 c:/program files (x86)/atollic/truestudio for stm32 9.0.1/armtools/bin/../lib/gcc/arm-atollic-eabi/6.3.1/armv7e-m/fpu/crtbegin.o

.ARM.extab      0x08000578        0x0
                0x08000578                . = ALIGN (0x8)
 *(.ARM.extab* .gnu.linkonce.armextab.*)
                0x08000578                . = ALIGN (0x8)

.ARM            0x08000578        0x0
                0x08000578                . = ALIGN (0x8)
                0x08000578                __exidx_start = .
 *(.ARM.exidx*)
                0x08000578                __exidx_end = .
                0x08000578                . = ALIGN (0x8)

.preinit_array  0x08000578        0x0
                0x08000578                . = ALIGN (0x8)
                0x08000578                PROVIDE (__preinit_array_start, .)
 *(.preinit_array*)
                0x08000578                PROVIDE (__preinit_array_end, .)
                0x08000578                . = ALIGN (0x8)

.init_array     0x08000578        0x8
                0x08000578                . = ALIGN (0x8)
                0x08000578                PROVIDE (__init_array_start, .)
 *(SORT(.init_array.*))
 *(.init_array*)
 .init_array    0x08000578        0x4 c:/program files (x86)/atollic/truestudio for stm32 9.0.1/armtools/bin/../lib/gcc/arm-atollic-eabi/6.3.1/armv7e-m/fpu/crtbegin.o
                0x0800057c                PROVIDE (__init_array_end, .)
                0x08000580                . = ALIGN (0x8)
 *fill*         0x0800057c        0x4 

.fini_array     0x08000580        0x8
                0x08000580                . = ALIGN (0x8)
                [!provide]                PROVIDE (__fini_array_start, .)
 *(SORT(.fini_array.*))
 *(.fini_array*)
 .fini_array    0x08000580        0x4 c:/program files (x86)/atollic/truestudio for stm32 9.0.1/armtools/bin/../lib/gcc/arm-atollic-eabi/6.3.1/armv7e-m/fpu/crtbegin.o
                [!provide]                PROVIDE (__fini_array_end, .)
                0x08000588                . = ALIGN (0x8)
 *fill*         0x08000584        0x4 
                0x08000588                _sidata = LOADADDR (.data)

.data           0x20000000        0x8 load address 0x08000588
                0x20000000                . = ALIGN (0x8)
                0x20000000                _sdata = .
 *(.data)
 .data          0x20000000        0x4 Src\system_stm32l4xx.o
                0x20000000                SystemCoreClock
 *(.data*)
                0x20000008                . = ALIGN (0x8)
 *fill*         0x20000004        0x4 
                0x20000008                _edata = .
                0x08000590                _sisram2 = LOADADDR (.sram2)

.igot.plt       0x20000008        0x0 load address 0x08000590
 .igot.plt      0x20000008        0x0 c:/program files (x86)/atollic/truestudio for stm32 9.0.1/armtools/bin/../lib/gcc/arm-atollic-eabi/6.3.1/armv7e-m/fpu/crtbegin.o

.sram2          0x10000000        0x0 load address 0x08000590
                0x10000000                . = ALIGN (0x8)
                0x10000000                _ssram2 = .
 *(.sram2)
 *(.sram2*)
                0x10000000                . = ALIGN (0x8)
                0x10000000                _esram2 = .
                0x10000000                . = ALIGN (0x4)

.bss            0x20000008       0x24
                0x20000008                _sbss = .
                0x20000008                __bss_start__ = _sbss
 *(.bss)
 .bss           0x20000008       0x1c c:/program files (x86)/atollic/truestudio for stm32 9.0.1/armtools/bin/../lib/gcc/arm-atollic-eabi/6.3.1/armv7e-m/fpu/crtbegin.o
 .bss           0x20000024        0x8 Src\main.o
                0x20000024                tick
                0x20000028                expe
 *(.bss*)
 *(COMMON)
                0x2000002c                . = ALIGN (0x4)
                0x2000002c                _ebss = .
                0x2000002c                __bss_end__ = _ebss

._user_heap_stack
                0x2000002c      0x604
                0x20000030                . = ALIGN (0x8)
 *fill*         0x2000002c        0x4 
                [!provide]                PROVIDE (end, .)
                [!provide]                PROVIDE (_end, .)
                0x20000230                . = (. + _Min_Heap_Size)
 *fill*         0x20000030      0x200 
                0x20000630                . = (. + _Min_Stack_Size)
 *fill*         0x20000230      0x400 
                0x20000630                . = ALIGN (0x8)

/DISCARD/
 libc.a(*)
 libm.a(*)
 libgcc.a(*)

.ARM.attributes
                0x00000000       0x30
 *(.ARM.attributes)
 .ARM.attributes
                0x00000000       0x22 c:/program files (x86)/atollic/truestudio for stm32 9.0.1/armtools/bin/../lib/gcc/arm-atollic-eabi/6.3.1/armv7e-m/fpu/crti.o
 .ARM.attributes
                0x00000022       0x34 c:/program files (x86)/atollic/truestudio for stm32 9.0.1/armtools/bin/../lib/gcc/arm-atollic-eabi/6.3.1/armv7e-m/fpu/crtbegin.o
 .ARM.attributes
                0x00000056       0x21 Asm\startup_stm32l476xx.o
 .ARM.attributes
                0x00000077       0x39 Src\gpio.o
 .ARM.attributes
                0x000000b0       0x39 Src\main.o
 .ARM.attributes
                0x000000e9       0x39 Src\system_stm32l4xx.o
 .ARM.attributes
                0x00000122       0x34 c:/program files (x86)/atollic/truestudio for stm32 9.0.1/armtools/bin/../lib/gcc/arm-atollic-eabi/6.3.1/../../../../arm-atollic-eabi/lib/armv7e-m/fpu\libc_nano.a(lib_a-init.o)
 .ARM.attributes
                0x00000156       0x22 c:/program files (x86)/atollic/truestudio for stm32 9.0.1/armtools/bin/../lib/gcc/arm-atollic-eabi/6.3.1/armv7e-m/fpu/crtn.o
OUTPUT(STM32L476RG_NUCLEO.elf elf32-littlearm)

.debug_line     0x00000000      0xca4
 .debug_line    0x00000000       0x7b Asm\startup_stm32l476xx.o
 .debug_line    0x0000007b      0x436 Src\gpio.o
 .debug_line    0x000004b1      0x47c Src\main.o
 .debug_line    0x0000092d      0x377 Src\system_stm32l4xx.o

.debug_info     0x00000000     0x1a6d
 .debug_info    0x00000000       0x6a Asm\startup_stm32l476xx.o
 .debug_info    0x0000006a      0x710 Src\gpio.o
 .debug_info    0x0000077a      0xd33 Src\main.o
 .debug_info    0x000014ad      0x5c0 Src\system_stm32l4xx.o

.debug_abbrev   0x00000000      0x5ac
 .debug_abbrev  0x00000000       0x12 Asm\startup_stm32l476xx.o
 .debug_abbrev  0x00000012      0x235 Src\gpio.o
 .debug_abbrev  0x00000247      0x233 Src\main.o
 .debug_abbrev  0x0000047a      0x132 Src\system_stm32l4xx.o

.debug_aranges  0x00000000       0xb8
 .debug_aranges
                0x00000000       0x28 Asm\startup_stm32l476xx.o
 .debug_aranges
                0x00000028       0x38 Src\gpio.o
 .debug_aranges
                0x00000060       0x30 Src\main.o
 .debug_aranges
                0x00000090       0x28 Src\system_stm32l4xx.o

.debug_ranges   0x00000000       0xd0
 .debug_ranges  0x00000000       0x20 Asm\startup_stm32l476xx.o
 .debug_ranges  0x00000020       0x78 Src\gpio.o
 .debug_ranges  0x00000098       0x20 Src\main.o
 .debug_ranges  0x000000b8       0x18 Src\system_stm32l4xx.o

.debug_loc      0x00000000      0x3d8
 .debug_loc     0x00000000      0x107 Src\gpio.o
 .debug_loc     0x00000107      0x113 Src\main.o
 .debug_loc     0x0000021a      0x1be Src\system_stm32l4xx.o

.debug_macro    0x00000000      0x87c
 .debug_macro   0x00000000      0x102 Src\gpio.o
 .debug_macro   0x00000102      0x1b9 Src\gpio.o
 .debug_macro   0x000002bb      0x16a Src\gpio.o
 .debug_macro   0x00000425      0x122 Src\main.o
 .debug_macro   0x00000547       0xa7 Src\main.o
 .debug_macro   0x000005ee      0x1a7 Src\main.o
 .debug_macro   0x00000795       0xe7 Src\system_stm32l4xx.o

.debug_str      0x00000000    0xa53a6
 .debug_str     0x00000000    0x9edd9 Src\gpio.o
                              0x9ef8c (size before relaxing)
 .debug_str     0x0009edd9     0x650e Src\main.o
                              0xa5433 (size before relaxing)
 .debug_str     0x000a52e7       0xbf Src\system_stm32l4xx.o
                              0x9dbcd (size before relaxing)

.comment        0x00000000       0x7c
 .comment       0x00000000       0x7c Src\gpio.o
                                 0x7d (size before relaxing)
 .comment       0x0000007c       0x7d Src\main.o
 .comment       0x0000007c       0x7d Src\system_stm32l4xx.o

.debug_frame    0x00000000      0x130
 .debug_frame   0x00000000       0x68 Src\gpio.o
 .debug_frame   0x00000068       0x60 Src\main.o
 .debug_frame   0x000000c8       0x3c Src\system_stm32l4xx.o
 .debug_frame   0x00000104       0x2c c:/program files (x86)/atollic/truestudio for stm32 9.0.1/armtools/bin/../lib/gcc/arm-atollic-eabi/6.3.1/../../../../arm-atollic-eabi/lib/armv7e-m/fpu\libc_nano.a(lib_a-init.o)
